$ next build
Γû▓ Next.js 16.1.4 (Turbopack)
- Environments: .env.local
- Experiments (use with caution):
  ┬╖ clientTraceMetadata
  ┬╖ optimizePackageImports

  Creating an optimized production build ...
Γ£ô Compiled successfully in 11.6s
  Running next.config.js provided runAfterProductionCompile ...
Γ£ô Completed runAfterProductionCompile in 557ms
  Running TypeScript ...
  Collecting page data using 11 workers ...
  Generating static pages using 11 workers (0/86) ...
  Generating static pages using 11 workers (21/86) 
  Generating static pages using 11 workers (42/86) 
  Generating static pages using 11 workers (64/86) 
Γ£ô Generating static pages using 11 workers (86/86) in 3.2s
  Finalizing page optimization ...

Route (app)                                      Revalidate  Expire
Γöî ╞Æ /
Γö£ ╞Æ /_not-found
Γö£ ╞Æ /about-us
Γö£ ╞Æ /admin
Γö£ ╞Æ /admin/biology/questions
Γö£ ╞Æ /admin/biology/questions/new
Γö£ ╞Æ /admin/question-papers
Γö£ ╞Æ /admin/questions
Γö£ ╞Æ /admin/subjects
Γö£ ╞Æ /admin/subtopics
Γö£ ╞Æ /admin/topics
Γö£ ╞Æ /api/admin/diagnostics/practice
Γö£ ╞Æ /api/admin/question-papers
Γö£ ╞Æ /api/admin/questions
Γö£ ╞Æ /api/admin/questions/[id]
Γö£ ╞Æ /api/admin/questions/import
Γö£ ╞Æ /api/admin/subjects
Γö£ ╞Æ /api/admin/subtopics
Γö£ ╞Æ /api/admin/subtopics/[id]
Γö£ ╞Æ /api/admin/topics
Γö£ ╞Æ /api/admin/topics/[id]
Γö£ ╞Æ /api/checkout
Γö£ ╞Æ /api/customer-portal
Γö£ ╞Æ /api/practice-sessions
Γö£ ╞Æ /api/practice-sessions/[sessionId]
Γö£ ╞Æ /api/practice-sessions/[sessionId]/bookmark
Γö£ ╞Æ /api/practice-sessions/[sessionId]/review
Γö£ ╞Æ /api/practice-sessions/[sessionId]/submit
Γö£ ╞Æ /api/practice-sessions/[sessionId]/summary
Γö£ ╞Æ /api/question-attempts
Γö£ ╞Æ /api/question-types
Γö£ ╞Æ /api/questions/[questionId]
Γö£ ╞Æ /api/session-questions/lookup
Γö£ ╞Æ /api/subjects
Γö£ ╞Æ /api/subjects/by-name
Γö£ ╞Æ /api/subjects/with-topics
Γö£ ╞Æ /api/subscription
Γö£ ╞Æ /api/subscription-plans
Γö£ ╞Æ /api/subtopics
Γö£ ╞Æ /api/test-auth
Γö£ ╞Æ /api/topic-mastery
Γö£ ╞Æ /api/topic-mastery/all
Γö£ ╞Æ /api/topic-mastery/detailed
Γö£ ╞Æ /api/topics
Γö£ ╞Æ /api/topics/[id]
Γö£ ╞Æ /api/topics/[id]/access
Γö£ ╞Æ /api/topics/with-subtopic-counts
Γö£ ╞Æ /api/user-stats
Γö£ ╞Æ /api/user/payments
Γö£ ╞Æ /api/user/subscription
Γö£ ╞Æ /api/user/test-limits
Γö£ ╞Æ /api/webhooks/stripe
Γö£ ╞Æ /biology
Γö£ Γùï /biology/bot                                         1h      1y
Γö£ ╞Æ /biology/bot/topics/[id]
Γö£ Γùï /biology/zoo                                         1h      1y
Γö£ ╞Æ /biology/zoo/topics/[id]
Γö£ Γùï /chemistry                                           1h      1y
Γö£ ╞Æ /chemistry/topics/[id]
Γö£ ╞Æ /cookie-policy
Γö£ ╞Æ /dashboard
Γö£ ╞Æ /dashboard/subscription
Γö£ ╞Æ /dashboard/topics
Γö£ Γùï /physics                                             1h      1y
Γö£ ╞Æ /physics/topics/[id]
Γö£ ╞Æ /practice
Γö£ ╞Æ /practice-sessions/[sessionId]/review
Γö£ ╞Æ /practice-sessions/[sessionId]/summary
Γö£ ╞Æ /practice/flashcards
Γö£ ╞Æ /practice/question-browser
Γö£ ╞Æ /pricing
Γö£ ╞Æ /privacy-policy
Γö£ ╞Æ /questions/[questionId]
Γö£ ╞Æ /sessions/[sessionId]
Γö£ ╞Æ /sign-in/[[...sign-in]]
Γö£ ╞Æ /sign-up/[[...sign-up]]
Γö£ ╞Æ /smarter-guides
Γö£ ╞Æ /smarter-guides/botany
Γö£ ╞Æ /smarter-guides/botany/[slug]
Γö£ ╞Æ /smarter-guides/zoology
Γö£ ╞Æ /smarter-guides/zoology/[slug]
Γö£ ╞Æ /smarter-notes
Γö£ ╞Æ /smarter-notes/[slug]
Γö£ ╞Æ /stripe-test
Γö£ ╞Æ /study-guides
Γö£ ╞Æ /study-guides/botany
Γö£ ╞Æ /study-guides/chemistry
Γö£ ╞Æ /study-guides/physics
Γöö ╞Æ /terms-of-service


╞Æ Proxy (Middleware)

Γùï  (Static)   prerendered as static content
╞Æ  (Dynamic)  server-rendered on demand

